// Jest Snapshot v1, https://goo.gl/fbAQLP

exports[`List atom renders correctly 1`] = `
<ul
  className="list"
>
  <li>
    <div>
      A child
    </div>
  </li>
  <li>
    <div
      className="repo__name"
    >
      <a
        href="http://www.test.com"
        target="_blank"
      >
        <span
          title="me"
        >
          me
        </span>
      </a>
    </div>
  </li>
</ul>
`;
